15:25:17 **** Incremental Build of configuration Debug for project STM32_Assignment ****
make -j12 all 
arm-none-eabi-size  STM32_Assignment.elf 
   text	   data	    bss	    dec	    hex	filename
   1764	      0	   1568	   3332	    d04	STM32_Assignment.elf
Finished building: default.size.stdout
 
15:25:40 **** Incremental Build of configuration Debug for project STM32_Assignment ****
make -j12 all 
arm-none-eabi-size  STM32_Assignment.elf 
   text	   data	    bss	    dec	    hex	filename
   1764	      0	   1568	   3332	    d04	STM32_Assignment.elf
Finished building: default.size.stdout
 
