16:05:40 **** Incremental Build of configuration Debug for project Driver_Dev ****
make -j12 all 
arm-none-eabi-gcc "../Src/gpioint.c" -mcpu=cortex-m4 -std=gnu11 -g3 -DDEBUG -DSTM32 -DSTM32F4 -DSTM32F446RETx -DNUCLEO_F446RE -c -I../Inc -I"C:/Users/megha/OneDrive/Desktop/STM32_programs/drivernew/Driver_Dev/Drivers/inc" -I"C:/Users/megha/OneDrive/Desktop/STM32_programs/drivernew/Driver_Dev/Inc" -O0 -ffunction-sections -fdata-sections -Wall -fstack-usage -fcyclomatic-complexity -MMD -MP -MF"Src/gpioint.d" -MT"Src/gpioint.o" --specs=nano.specs -mfloat-abi=soft -mthumb -o "Src/gpioint.o"
arm-none-eabi-gcc -o "Driver_Dev.elf" @"objects.list"   -mcpu=cortex-m4 -T"C:\Users\megha\OneDrive\Desktop\STM32_programs\drivernew\Driver_Dev\STM32F446RETX_FLASH.ld" --specs=nosys.specs -Wl,-Map="Driver_Dev.map" -Wl,--gc-sections -static --specs=nano.specs -mfloat-abi=soft -mthumb -Wl,--start-group -lc -lm -Wl,--end-group
Finished building target: Driver_Dev.elf
 
arm-none-eabi-size  Driver_Dev.elf 
arm-none-eabi-objdump -h -S Driver_Dev.elf  > "Driver_Dev.list"
   text	   data	    bss	    dec	    hex	filename
   2216	      0	   1568	   3784	    ec8	Driver_Dev.elf
Finished building: default.size.stdout
 
Finished building: Driver_Dev.list
 
