22:42:17 **** Clean-only build of configuration Debug for project driverdev ****
make -j12 clean 
rm -rf ./drivers/src/stm32f446xx_GPIO_driver.cyclo ./drivers/src/stm32f446xx_GPIO_driver.d ./drivers/src/stm32f446xx_GPIO_driver.o ./drivers/src/stm32f446xx_GPIO_driver.su
rm -rf ./Startup/startup_stm32f446retx.d ./Startup/startup_stm32f446retx.o
rm -rf ./Src/gpio_toggle.cyclo ./Src/gpio_toggle.d ./Src/gpio_toggle.o ./Src/gpio_toggle.su ./Src/syscalls.cyclo ./Src/syscalls.d ./Src/syscalls.o ./Src/syscalls.su ./Src/sysmem.cyclo ./Src/sysmem.d ./Src/sysmem.o ./Src/sysmem.su
rm -rf default.size.stdout driverdev.elf driverdev.list driverdev.map
 
22:42:18 **** Incremental Build of configuration Debug for project driverdev ****
make -j12 all 
arm-none-eabi-gcc "../drivers/src/stm32f446xx_GPIO_driver.c" -mcpu=cortex-m4 -std=gnu11 -g3 -DDEBUG -DSTM32 -DSTM32F4 -DSTM32F446RETx -DNUCLEO_F446RE -c -I../Inc -I"C:/Users/megha/OneDrive/Desktop/driverdev/drivers/inc" -I-u_printf_float -I"C:/Users/megha/OneDrive/Desktop/driverdev/drivers/inc" -O0 -ffunction-sections -fdata-sections -Wall -fstack-usage -fcyclomatic-complexity -MMD -MP -MF"drivers/src/stm32f446xx_GPIO_driver.d" -MT"drivers/src/stm32f446xx_GPIO_driver.o" --specs=nano.specs -mfloat-abi=soft -mthumb -o "drivers/src/stm32f446xx_GPIO_driver.o"
arm-none-eabi-gcc -mcpu=cortex-m4 -g3 -DDEBUG -c -x assembler-with-cpp -MMD -MP -MF"Startup/startup_stm32f446retx.d" -MT"Startup/startup_stm32f446retx.o" --specs=nano.specs -mfloat-abi=soft -mthumb -o "Startup/startup_stm32f446retx.o" "../Startup/startup_stm32f446retx.s"
arm-none-eabi-gcc "../Src/gpio_toggle.c" -mcpu=cortex-m4 -std=gnu11 -g3 -DDEBUG -DSTM32 -DSTM32F4 -DSTM32F446RETx -DNUCLEO_F446RE -c -I../Inc -I"C:/Users/megha/OneDrive/Desktop/driverdev/drivers/inc" -I-u_printf_float -I"C:/Users/megha/OneDrive/Desktop/driverdev/drivers/inc" -O0 -ffunction-sections -fdata-sections -Wall -fstack-usage -fcyclomatic-complexity -MMD -MP -MF"Src/gpio_toggle.d" -MT"Src/gpio_toggle.o" --specs=nano.specs -mfloat-abi=soft -mthumb -o "Src/gpio_toggle.o"
arm-none-eabi-gcc "../Src/syscalls.c" -mcpu=cortex-m4 -std=gnu11 -g3 -DDEBUG -DSTM32 -DSTM32F4 -DSTM32F446RETx -DNUCLEO_F446RE -c -I../Inc -I"C:/Users/megha/OneDrive/Desktop/driverdev/drivers/inc" -I-u_printf_float -I"C:/Users/megha/OneDrive/Desktop/driverdev/drivers/inc" -O0 -ffunction-sections -fdata-sections -Wall -fstack-usage -fcyclomatic-complexity -MMD -MP -MF"Src/syscalls.d" -MT"Src/syscalls.o" --specs=nano.specs -mfloat-abi=soft -mthumb -o "Src/syscalls.o"
arm-none-eabi-gcc "../Src/sysmem.c" -mcpu=cortex-m4 -std=gnu11 -g3 -DDEBUG -DSTM32 -DSTM32F4 -DSTM32F446RETx -DNUCLEO_F446RE -c -I../Inc -I"C:/Users/megha/OneDrive/Desktop/driverdev/drivers/inc" -I-u_printf_float -I"C:/Users/megha/OneDrive/Desktop/driverdev/drivers/inc" -O0 -ffunction-sections -fdata-sections -Wall -fstack-usage -fcyclomatic-complexity -MMD -MP -MF"Src/sysmem.d" -MT"Src/sysmem.o" --specs=nano.specs -mfloat-abi=soft -mthumb -o "Src/sysmem.o"
arm-none-eabi-gcc -o "driverdev.elf" @"objects.list"   -mcpu=cortex-m4 -T"C:\Users\megha\OneDrive\Desktop\driverdev\STM32F446RETX_FLASH.ld" --specs=nosys.specs -Wl,-Map="driverdev.map" -Wl,--gc-sections -static --specs=nano.specs -mfloat-abi=soft -mthumb -Wl,--start-group -lc -lm -Wl,--end-group
Finished building target: driverdev.elf
 
arm-none-eabi-size  driverdev.elf 
arm-none-eabi-objdump -h -S driverdev.elf  > "driverdev.list"
   text	   data	    bss	    dec	    hex	filename
   1664	      0	   1568	   3232	    ca0	driverdev.elf
Finished building: default.size.stdout
 
Finished building: driverdev.list
 
22:43:02 **** Incremental Build of configuration Debug for project driverdev ****
make -j12 all 
arm-none-eabi-size  driverdev.elf 
   text	   data	    bss	    dec	    hex	filename
   1664	      0	   1568	   3232	    ca0	driverdev.elf
Finished building: default.size.stdout
 
